../Core/Src/main.c:173:1:__io_putchar	16	static
../Core/Src/main.c:197:5:main	48	static
../Core/Src/main.c:337:6:SystemClock_Config	96	static
../Core/Src/main.c:388:13:MX_DAC1_Init	48	static
../Core/Src/main.c:434:13:MX_I2C1_Init	8	static
../Core/Src/main.c:482:13:MX_I2C3_Init	8	static
../Core/Src/main.c:530:13:MX_SPI1_Init	8	static
../Core/Src/main.c:570:13:MX_TIM2_Init	40	static
../Core/Src/main.c:615:13:MX_TIM3_Init	64	static
../Core/Src/main.c:674:13:MX_TIM6_Init	24	static
../Core/Src/main.c:712:13:MX_USART1_UART_Init	8	static
../Core/Src/main.c:747:13:MX_USART2_UART_Init	8	static
../Core/Src/main.c:780:13:MX_DMA_Init	16	static
../Core/Src/main.c:798:13:MX_GPIO_Init	48	static
../Core/Src/main.c:862:6:startBurst	4	static
../Core/Src/main.c:868:6:parseUserInput	16	static
../Core/Src/main.c:989:6:HAL_UART_RxCpltCallback	16	static
../Core/Src/main.c:1017:6:HAL_TIM_PeriodElapsedCallback	16	static
../Core/Src/main.c:1027:6:Error_Handler	4	static,ignoring_inline_asm
